WARNING: A restricted method in java.lang.System has been called
WARNING: java.lang.System::load has been called by org.fusesource.jansi.internal.JansiLoader in an unnamed module (file:/C:/Users/bingb/.m2/wrapper/dists/apache-maven-3.9.9-bin/4nf9hui3q3djbarqar9g711ggc/apache-maven-3.9.9/lib/jansi-2.4.1.jar)
WARNING: Use --enable-native-access=ALL-UNNAMED to avoid a warning for callers in this module
WARNING: Restricted methods will be blocked in a future release unless native access is enabled

WARNING: A terminally deprecated method in sun.misc.Unsafe has been called
WARNING: sun.misc.Unsafe::objectFieldOffset has been called by com.google.common.util.concurrent.AbstractFuture$UnsafeAtomicHelper (file:/C:/Users/bingb/.m2/wrapper/dists/apache-maven-3.9.9-bin/4nf9hui3q3djbarqar9g711ggc/apache-maven-3.9.9/lib/guava-33.2.1-jre.jar)
WARNING: Please consider reporting this to the maintainers of class com.google.common.util.concurrent.AbstractFuture$UnsafeAtomicHelper
WARNING: sun.misc.Unsafe::objectFieldOffset will be removed in a future release
[INFO] Scanning for projects...
[INFO] 
[INFO] --------------------< com.bingbaihanji:fxdecomplie >--------------------
[INFO] Building fxdecomplie 1.0-SNAPSHOT
[INFO]   from pom.xml
[INFO] --------------------------------[ jar ]---------------------------------
[INFO] 
[INFO] --- antrun:3.1.0:run (create-bin-directory) @ fxdecomplie ---
[INFO] Executing tasks
[INFO] Executed tasks
[INFO] 
[INFO] --- resources:3.3.1:resources (default-resources) @ fxdecomplie ---
[INFO] Copying 34 resources from src\main\resources to target\classes
[INFO] 
[INFO] --- compiler:3.13.0:compile (default-compile) @ fxdecomplie ---
[INFO] Recompiling the module because of changed source code.
[INFO] Compiling 1158 source files with javac [debug target 25] to target\classes
[INFO] /D:/bingbaihanji/fxdecomplie/fxdecomplie/src/main/java/com/bingbaihanji/classgraph/resource/JarReader.java: ĳЩ�����ļ�ʹ�û򸲸����ѹ�ʱ�� API��
[INFO] /D:/bingbaihanji/fxdecomplie/fxdecomplie/src/main/java/com/bingbaihanji/classgraph/resource/JarReader.java: �й���ϸ��Ϣ, ��ʹ�� -Xlint:deprecation ���±��롣
[INFO] /D:/bingbaihanji/fxdecomplie/fxdecomplie/src/main/java/com/bingbaihanji/fxdecomplie/ui/code/ClassTabOpener.java: ĳЩ�����ļ�ʹ����δ�����򲻰�ȫ�Ĳ�����
[INFO] /D:/bingbaihanji/fxdecomplie/fxdecomplie/src/main/java/com/bingbaihanji/fxdecomplie/ui/code/ClassTabOpener.java: �й���ϸ��Ϣ, ��ʹ�� -Xlint:unchecked ���±��롣
[INFO] ĳЩ��Ϣ�Ѿ�����; ��ʹ�� -Xdiags:verbose ���±����Ի���������
[INFO] -------------------------------------------------------------
[WARNING] COMPILATION WARNING : 
[INFO] -------------------------------------------------------------
[WARNING] /D:/bingbaihanji/fxdecomplie/fxdecomplie/src/main/java/com/bingbaihanji/fxdecomplie/util/reflect/ReflectUtils.java:[6,19] sun.reflect.ReflectionFactory���ڲ�ר�� API, ���ܻ���δ�����а���ɾ��
[WARNING] /D:/bingbaihanji/fxdecomplie/fxdecomplie/src/main/java/com/bingbaihanji/fxdecomplie/util/reflect/ReflectUtils.java:[821,35] sun.reflect.ReflectionFactory���ڲ�ר�� API, ���ܻ���δ�����а���ɾ��
[INFO] 2 warnings 
[INFO] -------------------------------------------------------------
[INFO] -------------------------------------------------------------
[ERROR] COMPILATION ERROR : 
[INFO] -------------------------------------------------------------
[ERROR] /D:/bingbaihanji/fxdecomplie/fxdecomplie/src/main/java/com/bingbaihanji/classgraph/bytecode/ClassParser.java:[48,48] com.bingbaihanji.classgraph.scan.Scanner.com.bingbaihanji.classgraph.scan.Scanner.ClassfileScanWorkUnit ���ڲ��ɷ��ʵ����ӿ��ж����
[ERROR] /D:/bingbaihanji/fxdecomplie/fxdecomplie/src/main/java/com/bingbaihanji/classgraph/bytecode/ClassParser.java:[49,44] �Ҳ�������
  ����:   �� ClassFileReader
  λ��: ����� com.bingbaihanji.classgraph.resource
[ERROR] /D:/bingbaihanji/fxdecomplie/fxdecomplie/src/main/java/com/bingbaihanji/classgraph/metadata/InfoList.java:[45,48] �Ҳ�������
  ����: �� LazyList
[ERROR] /D:/bingbaihanji/fxdecomplie/fxdecomplie/src/main/java/com/bingbaihanji/classgraph/classpath/Classpath.java:[36,48] com.bingbaihanji.classgraph.scan.Scanner.com.bingbaihanji.classgraph.scan.Scanner.ClasspathEntryWorkUnit ���ڲ��ɷ��ʵ����ӿ��ж����
[ERROR] /D:/bingbaihanji/fxdecomplie/fxdecomplie/src/main/java/com/bingbaihanji/classgraph/classpath/Classpath.java:[38,51] �Ҳ�������
  ����:   �� ScanSpecPathMatch
  λ��: �� com.bingbaihanji.classgraph.scan.ScanConfig
[ERROR] /D:/bingbaihanji/fxdecomplie/fxdecomplie/src/main/java/com/bingbaihanji/classgraph/scan/ScanResult.java:[92,18] �Ҳ�������
  ����:   �� Classpath
  λ��: �� com.bingbaihanji.classgraph.scan.ScanResult
[ERROR] /D:/bingbaihanji/fxdecomplie/fxdecomplie/src/main/java/com/bingbaihanji/classgraph/resource/ResourceList.java:[46,35] �Ҳ�������
  ����: �� LazyList
[ERROR] /D:/bingbaihanji/fxdecomplie/fxdecomplie/src/main/java/com/bingbaihanji/classgraph/scan/ScanResult.java:[142,63] �Ҳ�������
  ����:   �� Classpath
  λ��: �� com.bingbaihanji.classgraph.scan.ScanResult
[ERROR] /D:/bingbaihanji/fxdecomplie/fxdecomplie/src/main/java/com/bingbaihanji/classgraph/metadata/ModuleInfo.java:[50,23] �Ҳ�������
  ����:   �� Classpath
  λ��: �� com.bingbaihanji.classgraph.metadata.ModuleInfo
[ERROR] /D:/bingbaihanji/fxdecomplie/fxdecomplie/src/main/java/com/bingbaihanji/classgraph/metadata/ModuleInfo.java:[87,49] �Ҳ�������
  ����:   �� Classpath
  λ��: �� com.bingbaihanji.classgraph.metadata.ModuleInfo
[ERROR] /D:/bingbaihanji/fxdecomplie/fxdecomplie/src/main/java/com/bingbaihanji/classgraph/metadata/ModuleInfo.java:[219,30] �Ҳ�������
  ����:   �� ScanResult
  λ��: �� com.bingbaihanji.classgraph.metadata.ModuleInfo
[ERROR] /D:/bingbaihanji/fxdecomplie/fxdecomplie/src/main/java/com/bingbaihanji/classgraph/metadata/AnnotationInfo.java:[255,30] �Ҳ�������
  ����:   �� ScanResult
  λ��: �� com.bingbaihanji.classgraph.metadata.AnnotationInfo
[ERROR] /D:/bingbaihanji/fxdecomplie/fxdecomplie/src/main/java/com/bingbaihanji/classgraph/metadata/AnnotationParameterValue.java:[152,30] �Ҳ�������
  ����:   �� ScanResult
  λ��: �� com.bingbaihanji.classgraph.metadata.AnnotationParameterValue
[ERROR] /D:/bingbaihanji/fxdecomplie/fxdecomplie/src/main/java/com/bingbaihanji/classgraph/metadata/TypedValue.java:[545,30] �Ҳ�������
  ����:   �� ScanResult
  λ��: �� com.bingbaihanji.classgraph.metadata.TypedValue
[ERROR] /D:/bingbaihanji/fxdecomplie/fxdecomplie/src/main/java/com/bingbaihanji/classgraph/metadata/AnnotationClassRef.java:[44,23] �Ҳ�������
  ����:   �� TypeSignature
  λ��: �� com.bingbaihanji.classgraph.metadata.AnnotationClassRef
[ERROR] /D:/bingbaihanji/fxdecomplie/fxdecomplie/src/main/java/com/bingbaihanji/classgraph/metadata/AnnotationClassRef.java:[84,13] �Ҳ�������
  ����:   �� TypeSignature
  λ��: �� com.bingbaihanji.classgraph.metadata.AnnotationClassRef
[ERROR] /D:/bingbaihanji/fxdecomplie/fxdecomplie/src/main/java/com/bingbaihanji/classgraph/metadata/AnnotationClassRef.java:[174,30] �Ҳ�������
  ����:   �� ScanResult
  λ��: �� com.bingbaihanji.classgraph.metadata.AnnotationClassRef
[ERROR] /D:/bingbaihanji/fxdecomplie/fxdecomplie/src/main/java/com/bingbaihanji/classgraph/metadata/PackageInfo.java:[187,30] �Ҳ�������
  ����:   �� ScanResult
  λ��: �� com.bingbaihanji.classgraph.metadata.PackageInfo
[ERROR] /D:/bingbaihanji/fxdecomplie/fxdecomplie/src/main/java/com/bingbaihanji/classgraph/classpath/Classpath.java:[249,71] �Ҳ�������
  ����:   �� ScanSpecPathMatch
  λ��: �� com.bingbaihanji.classgraph.classpath.Classpath
[ERROR] /D:/bingbaihanji/fxdecomplie/fxdecomplie/src/main/java/com/bingbaihanji/classgraph/scan/Scanner.java:[1018,15] �Ҳ�������
  ����:   �� Classpath
  λ��: �� com.bingbaihanji.classgraph.scan.Scanner.ClasspathEntryWorkUnit
[ERROR] /D:/bingbaihanji/fxdecomplie/fxdecomplie/src/main/java/com/bingbaihanji/classgraph/scan/Scanner.java:[1041,45] �Ҳ�������
  ����:   �� Classpath
  λ��: �� com.bingbaihanji.classgraph.scan.Scanner.ClasspathEntryWorkUnit
[ERROR] /D:/bingbaihanji/fxdecomplie/fxdecomplie/src/main/java/com/bingbaihanji/classgraph/metadata/ClassInfo.java:[86,25] �Ҳ�������
  ����:   �� Resource
  λ��: �� com.bingbaihanji.classgraph.metadata.ClassInfo
[ERROR] /D:/bingbaihanji/fxdecomplie/fxdecomplie/src/main/java/com/bingbaihanji/classgraph/metadata/ClassInfo.java:[93,15] �Ҳ�������
  ����:   �� Classpath
  λ��: �� com.bingbaihanji.classgraph.metadata.ClassInfo
[ERROR] /D:/bingbaihanji/fxdecomplie/fxdecomplie/src/main/java/com/bingbaihanji/classgraph/metadata/ClassInfo.java:[196,76] �Ҳ�������
  ����:   �� Resource
  λ��: �� com.bingbaihanji.classgraph.metadata.ClassInfo
[ERROR] /D:/bingbaihanji/fxdecomplie/fxdecomplie/src/main/java/com/bingbaihanji/classgraph/metadata/ClassInfo.java:[320,44] �Ҳ�������
  ����:   �� Classpath
  λ��: �� com.bingbaihanji.classgraph.metadata.ClassInfo
[ERROR] /D:/bingbaihanji/fxdecomplie/fxdecomplie/src/main/java/com/bingbaihanji/classgraph/metadata/ClassInfo.java:[320,71] �Ҳ�������
  ����:   �� Resource
  λ��: �� com.bingbaihanji.classgraph.metadata.ClassInfo
[ERROR] /D:/bingbaihanji/fxdecomplie/fxdecomplie/src/main/java/com/bingbaihanji/classgraph/metadata/ClassInfo.java:[3011,12] �Ҳ�������
  ����:   �� Resource
  λ��: �� com.bingbaihanji.classgraph.metadata.ClassInfo
[ERROR] /D:/bingbaihanji/fxdecomplie/fxdecomplie/src/main/java/com/bingbaihanji/classgraph/metadata/ClassInfo.java:[3114,30] �Ҳ�������
  ����:   �� ScanResult
  λ��: �� com.bingbaihanji.classgraph.metadata.ClassInfo
[ERROR] /D:/bingbaihanji/fxdecomplie/fxdecomplie/src/main/java/com/bingbaihanji/classgraph/type/HierarchicalType.java:[38,48] �Ҳ�������
  ����: �� MetadataNode
[ERROR] /D:/bingbaihanji/fxdecomplie/fxdecomplie/src/main/java/com/bingbaihanji/classgraph/type/ClassType.java:[46,19] �Ҳ�������
  ����:   �� ClassInfo
  λ��: �� com.bingbaihanji.classgraph.type.ClassType
[ERROR] /D:/bingbaihanji/fxdecomplie/fxdecomplie/src/main/java/com/bingbaihanji/classgraph/type/ClassRef.java:[39,37] �Ҳ�������
  ����: �� ClassRefOrTypeVar
[ERROR] /D:/bingbaihanji/fxdecomplie/fxdecomplie/src/main/java/com/bingbaihanji/classgraph/type/ClassType.java:[57,24] �Ҳ�������
  ����:   �� ClassRefOrTypeVar
  λ��: �� com.bingbaihanji.classgraph.type.ClassType
[ERROR] /D:/bingbaihanji/fxdecomplie/fxdecomplie/src/main/java/com/bingbaihanji/classgraph/type/ClassType.java:[75,29] �Ҳ�������
  ����:   �� ClassInfo
  λ��: �� com.bingbaihanji.classgraph.type.ClassType
[ERROR] /D:/bingbaihanji/fxdecomplie/fxdecomplie/src/main/java/com/bingbaihanji/classgraph/type/ClassType.java:[78,43] �Ҳ�������
  ����:   �� ClassRefOrTypeVar
  λ��: �� com.bingbaihanji.classgraph.type.ClassType
[ERROR] /D:/bingbaihanji/fxdecomplie/fxdecomplie/src/main/java/com/bingbaihanji/classgraph/type/ClassType.java:[97,21] �Ҳ�������
  ����:   �� ClassInfo
  λ��: �� com.bingbaihanji.classgraph.type.ClassType
[ERROR] /D:/bingbaihanji/fxdecomplie/fxdecomplie/src/main/java/com/bingbaihanji/classgraph/type/ClassType.java:[97,48] �Ҳ�������
  ����:   �� ClassInfo
  λ��: �� com.bingbaihanji.classgraph.type.ClassType
[ERROR] /D:/bingbaihanji/fxdecomplie/fxdecomplie/src/main/java/com/bingbaihanji/classgraph/type/ClassType.java:[97,76] �Ҳ�������
  ����:   �� ClassInfoList
  λ��: �� com.bingbaihanji.classgraph.type.ClassType
[ERROR] /D:/bingbaihanji/fxdecomplie/fxdecomplie/src/main/java/com/bingbaihanji/classgraph/type/ClassType.java:[140,63] �Ҳ�������
  ����:   �� ClassInfo
  λ��: �� com.bingbaihanji.classgraph.type.ClassType
[ERROR] /D:/bingbaihanji/fxdecomplie/fxdecomplie/src/main/java/com/bingbaihanji/classgraph/type/ClassType.java:[236,10] �Ҳ�������
  ����:   �� ClassRefOrTypeVar
  λ��: �� com.bingbaihanji.classgraph.type.ClassType
[ERROR] /D:/bingbaihanji/fxdecomplie/fxdecomplie/src/main/java/com/bingbaihanji/classgraph/type/ClassType.java:[243,79] �Ҳ�������
  ����:   �� AnnotationInfo
  λ��: �� com.bingbaihanji.classgraph.type.ClassType
[ERROR] /D:/bingbaihanji/fxdecomplie/fxdecomplie/src/main/java/com/bingbaihanji/classgraph/type/ClassType.java:[261,15] �Ҳ�������
  ����:   �� ClassInfo
  λ��: �� com.bingbaihanji.classgraph.type.ClassType
[ERROR] /D:/bingbaihanji/fxdecomplie/fxdecomplie/src/main/java/com/bingbaihanji/classgraph/type/ClassType.java:[269,30] �Ҳ�������
  ����:   �� ScanResult
  λ��: �� com.bingbaihanji.classgraph.type.ClassType
[ERROR] /D:/bingbaihanji/fxdecomplie/fxdecomplie/src/main/java/com/bingbaihanji/classgraph/type/ClassType.java:[322,62] �Ҳ�������
  ����:   �� ClassInfo
  λ��: �� com.bingbaihanji.classgraph.type.ClassType
[ERROR] /D:/bingbaihanji/fxdecomplie/fxdecomplie/src/main/java/com/bingbaihanji/classgraph/type/ClassType.java:[323,54] �Ҳ�������
  ����:   �� ClassInfo
  λ��: �� com.bingbaihanji.classgraph.type.ClassType
[ERROR] /D:/bingbaihanji/fxdecomplie/fxdecomplie/src/main/java/com/bingbaihanji/classgraph/type/ClassType.java:[379,88] �Ҳ�������
  ����:   �� AnnotationInfoList
  λ��: �� com.bingbaihanji.classgraph.type.ClassType
[ERROR] /D:/bingbaihanji/fxdecomplie/fxdecomplie/src/main/java/com/bingbaihanji/classgraph/type/ClassType.java:[447,73] �Ҳ�������
  ����:   �� AnnotationInfoList
  λ��: �� com.bingbaihanji.classgraph.type.ClassType
[ERROR] /D:/bingbaihanji/fxdecomplie/fxdecomplie/src/main/java/com/bingbaihanji/classgraph/type/ClassRef.java:[53,18] �Ҳ�������
  ����:   �� AnnotationInfoList
  λ��: �� com.bingbaihanji.classgraph.type.ClassRef
[ERROR] /D:/bingbaihanji/fxdecomplie/fxdecomplie/src/main/java/com/bingbaihanji/classgraph/type/ClassRef.java:[209,17] �Ҳ�������
  ����:   �� AnnotationInfoList
  λ��: �� com.bingbaihanji.classgraph.type.ClassRef
[ERROR] /D:/bingbaihanji/fxdecomplie/fxdecomplie/src/main/java/com/bingbaihanji/classgraph/type/ClassRef.java:[215,69] �Ҳ�������
  ����:   �� AnnotationInfo
  λ��: �� com.bingbaihanji.classgraph.type.ClassRef
[ERROR] /D:/bingbaihanji/fxdecomplie/fxdecomplie/src/main/java/com/bingbaihanji/classgraph/type/ClassRef.java:[226,79] �Ҳ�������
  ����:   �� AnnotationInfo
  λ��: �� com.bingbaihanji.classgraph.type.ClassRef
[ERROR] /D:/bingbaihanji/fxdecomplie/fxdecomplie/src/main/java/com/bingbaihanji/classgraph/type/ClassRef.java:[347,12] �Ҳ�������
  ����:   �� ClassInfo
  λ��: �� com.bingbaihanji.classgraph.type.ClassRef
[ERROR] /D:/bingbaihanji/fxdecomplie/fxdecomplie/src/main/java/com/bingbaihanji/classgraph/type/ClassRef.java:[357,30] �Ҳ�������
  ����:   �� ScanResult
  λ��: �� com.bingbaihanji.classgraph.type.ClassRef
[ERROR] /D:/bingbaihanji/fxdecomplie/fxdecomplie/src/main/java/com/bingbaihanji/classgraph/type/ClassRef.java:[435,73] �Ҳ�������
  ����:   �� AnnotationInfoList
  λ��: �� com.bingbaihanji.classgraph.type.ClassRef
[ERROR] /D:/bingbaihanji/fxdecomplie/fxdecomplie/src/main/java/com/bingbaihanji/classgraph/type/TypeSignature.java:[122,68] �Ҳ�������
  ����:   �� ClassInfo
  λ��: �� com.bingbaihanji.classgraph.type.TypeSignature
[ERROR] /D:/bingbaihanji/fxdecomplie/fxdecomplie/src/main/java/com/bingbaihanji/classgraph/type/TypeSignature.java:[123,60] �Ҳ�������
  ����:   �� ClassInfo
  λ��: �� com.bingbaihanji.classgraph.type.TypeSignature
[ERROR] /D:/bingbaihanji/fxdecomplie/fxdecomplie/src/main/java/com/bingbaihanji/classgraph/type/TypeSignature.java:[139,12] �Ҳ�������
  ����:   �� AnnotationInfoList
  λ��: �� com.bingbaihanji.classgraph.type.TypeSignature
[ERROR] /D:/bingbaihanji/fxdecomplie/fxdecomplie/src/main/java/com/bingbaihanji/classgraph/type/TypeSignature.java:[161,76] �Ҳ�������
  ����:   �� AnnotationInfo
  λ��: �� com.bingbaihanji.classgraph.type.TypeSignature
[ERROR] /D:/bingbaihanji/fxdecomplie/fxdecomplie/src/main/java/com/bingbaihanji/classgraph/type/TypeArg.java:[153,79] �Ҳ�������
  ����:   �� AnnotationInfo
  λ��: �� com.bingbaihanji.classgraph.type.TypeArg
[ERROR] /D:/bingbaihanji/fxdecomplie/fxdecomplie/src/main/java/com/bingbaihanji/classgraph/type/TypeArg.java:[187,15] �Ҳ�������
  ����:   �� ClassInfo
  λ��: �� com.bingbaihanji.classgraph.type.TypeArg
[ERROR] /D:/bingbaihanji/fxdecomplie/fxdecomplie/src/main/java/com/bingbaihanji/classgraph/type/TypeArg.java:[195,30] �Ҳ�������
  ����:   �� ScanResult
  λ��: �� com.bingbaihanji.classgraph.type.TypeArg
[ERROR] /D:/bingbaihanji/fxdecomplie/fxdecomplie/src/main/java/com/bingbaihanji/classgraph/type/TypeArg.java:[241,73] �Ҳ�������
  ����:   �� AnnotationInfoList
  λ��: �� com.bingbaihanji.classgraph.type.TypeArg
[ERROR] /D:/bingbaihanji/fxdecomplie/fxdecomplie/src/main/java/com/bingbaihanji/classgraph/type/TypeParam.java:[150,79] �Ҳ�������
  ����:   �� AnnotationInfo
  λ��: �� com.bingbaihanji.classgraph.type.TypeParam
[ERROR] /D:/bingbaihanji/fxdecomplie/fxdecomplie/src/main/java/com/bingbaihanji/classgraph/type/TypeParam.java:[173,15] �Ҳ�������
  ����:   �� ClassInfo
  λ��: �� com.bingbaihanji.classgraph.type.TypeParam
[ERROR] /D:/bingbaihanji/fxdecomplie/fxdecomplie/src/main/java/com/bingbaihanji/classgraph/type/TypeParam.java:[181,30] �Ҳ�������
  ����:   �� ScanResult
  λ��: �� com.bingbaihanji.classgraph.type.TypeParam
[ERROR] /D:/bingbaihanji/fxdecomplie/fxdecomplie/src/main/java/com/bingbaihanji/classgraph/type/TypeParam.java:[239,73] �Ҳ�������
  ����:   �� AnnotationInfoList
  λ��: �� com.bingbaihanji.classgraph.type.TypeParam
[ERROR] /D:/bingbaihanji/fxdecomplie/fxdecomplie/src/main/java/com/bingbaihanji/classgraph/type/HierarchicalType.java:[39,15] �Ҳ�������
  ����:   �� AnnotationInfoList
  λ��: �� com.bingbaihanji.classgraph.type.HierarchicalType
[ERROR] /D:/bingbaihanji/fxdecomplie/fxdecomplie/src/main/java/com/bingbaihanji/classgraph/type/HierarchicalType.java:[52,44] �Ҳ�������
  ����:   �� AnnotationInfo
  λ��: �� com.bingbaihanji.classgraph.type.HierarchicalType
[ERROR] /D:/bingbaihanji/fxdecomplie/fxdecomplie/src/main/java/com/bingbaihanji/classgraph/type/HierarchicalType.java:[60,30] �Ҳ�������
  ����:   �� ScanResult
  λ��: �� com.bingbaihanji.classgraph.type.HierarchicalType
[ERROR] /D:/bingbaihanji/fxdecomplie/fxdecomplie/src/main/java/com/bingbaihanji/classgraph/type/HierarchicalType.java:[74,12] �Ҳ�������
  ����:   �� AnnotationInfoList
  λ��: �� com.bingbaihanji.classgraph.type.HierarchicalType
[ERROR] /D:/bingbaihanji/fxdecomplie/fxdecomplie/src/main/java/com/bingbaihanji/classgraph/type/HierarchicalType.java:[86,76] �Ҳ�������
  ����:   �� AnnotationInfo
  λ��: �� com.bingbaihanji.classgraph.type.HierarchicalType
[ERROR] /D:/bingbaihanji/fxdecomplie/fxdecomplie/src/main/java/com/bingbaihanji/classgraph/type/HierarchicalType.java:[98,76] �Ҳ�������
  ����:   �� AnnotationInfoList
  λ��: �� com.bingbaihanji.classgraph.type.HierarchicalType
[ERROR] /D:/bingbaihanji/fxdecomplie/fxdecomplie/src/main/java/com/bingbaihanji/classgraph/metadata/MethodInfo.java:[56,23] �Ҳ�������
  ����:   �� MethodType
  λ��: �� com.bingbaihanji.classgraph.metadata.MethodInfo
[ERROR] /D:/bingbaihanji/fxdecomplie/fxdecomplie/src/main/java/com/bingbaihanji/classgraph/metadata/MethodInfo.java:[58,23] �Ҳ�������
  ����:   �� MethodType
  λ��: �� com.bingbaihanji.classgraph.metadata.MethodInfo
[ERROR] /D:/bingbaihanji/fxdecomplie/fxdecomplie/src/main/java/com/bingbaihanji/classgraph/metadata/MethodInfo.java:[175,12] �Ҳ�������
  ����:   �� MethodType
  λ��: �� com.bingbaihanji.classgraph.metadata.MethodInfo
[ERROR] /D:/bingbaihanji/fxdecomplie/fxdecomplie/src/main/java/com/bingbaihanji/classgraph/metadata/MethodInfo.java:[254,43] �Ҳ�������
  ����:   �� MethodType
  λ��: �� com.bingbaihanji.classgraph.metadata.MethodInfo
[ERROR] /D:/bingbaihanji/fxdecomplie/fxdecomplie/src/main/java/com/bingbaihanji/classgraph/metadata/MethodInfo.java:[287,12] �Ҳ�������
  ����:   �� MethodType
  λ��: �� com.bingbaihanji.classgraph.metadata.MethodInfo
[ERROR] /D:/bingbaihanji/fxdecomplie/fxdecomplie/src/main/java/com/bingbaihanji/classgraph/metadata/MethodInfo.java:[319,12] �Ҳ�������
  ����:   �� MethodType
  λ��: �� com.bingbaihanji.classgraph.metadata.MethodInfo
[ERROR] /D:/bingbaihanji/fxdecomplie/fxdecomplie/src/main/java/com/bingbaihanji/classgraph/metadata/MethodInfo.java:[796,30] �Ҳ�������
  ����:   �� ScanResult
  λ��: �� com.bingbaihanji.classgraph.metadata.MethodInfo
[ERROR] /D:/bingbaihanji/fxdecomplie/fxdecomplie/src/main/java/com/bingbaihanji/classgraph/type/MethodType.java:[50,24] �Ҳ�������
  ����:   �� ClassRefOrTypeVar
  λ��: �� com.bingbaihanji.classgraph.type.MethodType
[ERROR] /D:/bingbaihanji/fxdecomplie/fxdecomplie/src/main/java/com/bingbaihanji/classgraph/type/MethodType.java:[53,13] �Ҳ�������
  ����:   �� AnnotationInfoList
  λ��: �� com.bingbaihanji.classgraph.type.MethodType
[ERROR] /D:/bingbaihanji/fxdecomplie/fxdecomplie/src/main/java/com/bingbaihanji/classgraph/type/MethodType.java:[70,76] �Ҳ�������
  ����:   �� ClassRefOrTypeVar
  λ��: �� com.bingbaihanji.classgraph.type.MethodType
[ERROR] /D:/bingbaihanji/fxdecomplie/fxdecomplie/src/main/java/com/bingbaihanji/classgraph/type/MethodType.java:[190,17] �Ҳ�������
  ����:   �� ClassRefOrTypeVar
  λ��: �� com.bingbaihanji.classgraph.type.MethodType
[ERROR] /D:/bingbaihanji/fxdecomplie/fxdecomplie/src/main/java/com/bingbaihanji/classgraph/type/MethodType.java:[195,79] �Ҳ�������
  ����:   �� AnnotationInfo
  λ��: �� com.bingbaihanji.classgraph.type.MethodType
[ERROR] /D:/bingbaihanji/fxdecomplie/fxdecomplie/src/main/java/com/bingbaihanji/classgraph/type/MethodType.java:[207,42] �Ҳ�������
  ����:   �� AnnotationInfo
  λ��: �� com.bingbaihanji.classgraph.type.MethodType
[ERROR] /D:/bingbaihanji/fxdecomplie/fxdecomplie/src/main/java/com/bingbaihanji/classgraph/type/MethodType.java:[221,12] �Ҳ�������
  ����:   �� AnnotationInfoList
  λ��: �� com.bingbaihanji.classgraph.type.MethodType
[ERROR] /D:/bingbaihanji/fxdecomplie/fxdecomplie/src/main/java/com/bingbaihanji/classgraph/type/MethodType.java:[238,15] �Ҳ�������
  ����:   �� ClassInfo
  λ��: �� com.bingbaihanji.classgraph.type.MethodType
[ERROR] /D:/bingbaihanji/fxdecomplie/fxdecomplie/src/main/java/com/bingbaihanji/classgraph/type/MethodType.java:[246,30] �Ҳ�������
  ����:   �� ScanResult
  λ��: �� com.bingbaihanji.classgraph.type.MethodType
[ERROR] /D:/bingbaihanji/fxdecomplie/fxdecomplie/src/main/java/com/bingbaihanji/classgraph/type/MethodType.java:[304,62] �Ҳ�������
  ����:   �� ClassInfo
  λ��: �� com.bingbaihanji.classgraph.type.MethodType
[ERROR] /D:/bingbaihanji/fxdecomplie/fxdecomplie/src/main/java/com/bingbaihanji/classgraph/type/MethodType.java:[305,54] �Ҳ�������
  ����:   �� ClassInfo
  λ��: �� com.bingbaihanji.classgraph.type.MethodType
[ERROR] /D:/bingbaihanji/fxdecomplie/fxdecomplie/src/main/java/com/bingbaihanji/classgraph/type/MethodType.java:[345,73] �Ҳ�������
  ����:   �� AnnotationInfoList
  λ��: �� com.bingbaihanji.classgraph.type.MethodType
[ERROR] /D:/bingbaihanji/fxdecomplie/fxdecomplie/src/main/java/com/bingbaihanji/classgraph/metadata/MethodParam.java:[57,19] �Ҳ�������
  ����:   �� TypeSignature
  λ��: �� com.bingbaihanji.classgraph.metadata.MethodParam
[ERROR] /D:/bingbaihanji/fxdecomplie/fxdecomplie/src/main/java/com/bingbaihanji/classgraph/metadata/MethodParam.java:[60,19] �Ҳ�������
  ����:   �� TypeSignature
  λ��: �� com.bingbaihanji.classgraph.metadata.MethodParam
[ERROR] /D:/bingbaihanji/fxdecomplie/fxdecomplie/src/main/java/com/bingbaihanji/classgraph/metadata/MethodParam.java:[66,13] �Ҳ�������
  ����:   �� ScanResult
  λ��: �� com.bingbaihanji.classgraph.metadata.MethodParam
[ERROR] /D:/bingbaihanji/fxdecomplie/fxdecomplie/src/main/java/com/bingbaihanji/classgraph/metadata/MethodParam.java:[87,31] �Ҳ�������
  ����:   �� TypeSignature
  λ��: �� com.bingbaihanji.classgraph.metadata.MethodParam
[ERROR] /D:/bingbaihanji/fxdecomplie/fxdecomplie/src/main/java/com/bingbaihanji/classgraph/metadata/MethodParam.java:[87,67] �Ҳ�������
  ����:   �� TypeSignature
  λ��: �� com.bingbaihanji.classgraph.metadata.MethodParam
[ERROR] /D:/bingbaihanji/fxdecomplie/fxdecomplie/src/main/java/com/bingbaihanji/classgraph/metadata/MethodParam.java:[163,12] �Ҳ�������
  ����:   �� TypeSignature
  λ��: �� com.bingbaihanji.classgraph.metadata.MethodParam
[ERROR] /D:/bingbaihanji/fxdecomplie/fxdecomplie/src/main/java/com/bingbaihanji/classgraph/metadata/MethodParam.java:[172,12] �Ҳ�������
  ����:   �� TypeSignature
  λ��: �� com.bingbaihanji.classgraph.metadata.MethodParam
[ERROR] /D:/bingbaihanji/fxdecomplie/fxdecomplie/src/main/java/com/bingbaihanji/classgraph/metadata/MethodParam.java:[181,12] �Ҳ�������
  ����:   �� TypeSignature
  λ��: �� com.bingbaihanji.classgraph.metadata.MethodParam
[ERROR] /D:/bingbaihanji/fxdecomplie/fxdecomplie/src/main/java/com/bingbaihanji/classgraph/metadata/MethodParam.java:[282,40] �Ҳ�������
  ����:   �� ScanResult
  λ��: �� com.bingbaihanji.classgraph.metadata.MethodParam
[ERROR] /D:/bingbaihanji/fxdecomplie/fxdecomplie/src/main/java/com/bingbaihanji/classgraph/metadata/MetadataNode.java:[45,25] �Ҳ�������
  ����:   �� ScanResult
  λ��: �� com.bingbaihanji.classgraph.metadata.MetadataNode
[INFO] 100 errors 
[INFO] -------------------------------------------------------------
[INFO] ------------------------------------------------------------------------
[INFO] BUILD FAILURE
[INFO] ------------------------------------------------------------------------
[INFO] Total time:  15.397 s
[INFO] Finished at: 2026-07-23T09:55:59+08:00
[INFO] ------------------------------------------------------------------------
[ERROR] Failed to execute goal org.apache.maven.plugins:maven-compiler-plugin:3.13.0:compile (default-compile) on project fxdecomplie: Compilation failure: Compilation failure: 
[ERROR] /D:/bingbaihanji/fxdecomplie/fxdecomplie/src/main/java/com/bingbaihanji/classgraph/bytecode/ClassParser.java:[48,48] com.bingbaihanji.classgraph.scan.Scanner.com.bingbaihanji.classgraph.scan.Scanner.ClassfileScanWorkUnit ���ڲ��ɷ��ʵ����ӿ��ж����
[ERROR] /D:/bingbaihanji/fxdecomplie/fxdecomplie/src/main/java/com/bingbaihanji/classgraph/bytecode/ClassParser.java:[49,44] �Ҳ�������
[ERROR]   ����:   �� ClassFileReader
[ERROR]   λ��: ����� com.bingbaihanji.classgraph.resource
[ERROR] /D:/bingbaihanji/fxdecomplie/fxdecomplie/src/main/java/com/bingbaihanji/classgraph/metadata/InfoList.java:[45,48] �Ҳ�������
[ERROR]   ����: �� LazyList
[ERROR] /D:/bingbaihanji/fxdecomplie/fxdecomplie/src/main/java/com/bingbaihanji/classgraph/classpath/Classpath.java:[36,48] com.bingbaihanji.classgraph.scan.Scanner.com.bingbaihanji.classgraph.scan.Scanner.ClasspathEntryWorkUnit ���ڲ��ɷ��ʵ����ӿ��ж����
[ERROR] /D:/bingbaihanji/fxdecomplie/fxdecomplie/src/main/java/com/bingbaihanji/classgraph/classpath/Classpath.java:[38,51] �Ҳ�������
[ERROR]   ����:   �� ScanSpecPathMatch
[ERROR]   λ��: �� com.bingbaihanji.classgraph.scan.ScanConfig
[ERROR] /D:/bingbaihanji/fxdecomplie/fxdecomplie/src/main/java/com/bingbaihanji/classgraph/scan/ScanResult.java:[92,18] �Ҳ�������
[ERROR]   ����:   �� Classpath
[ERROR]   λ��: �� com.bingbaihanji.classgraph.scan.ScanResult
[ERROR] /D:/bingbaihanji/fxdecomplie/fxdecomplie/src/main/java/com/bingbaihanji/classgraph/resource/ResourceList.java:[46,35] �Ҳ�������
[ERROR]   ����: �� LazyList
[ERROR] /D:/bingbaihanji/fxdecomplie/fxdecomplie/src/main/java/com/bingbaihanji/classgraph/scan/ScanResult.java:[142,63] �Ҳ�������
[ERROR]   ����:   �� Classpath
[ERROR]   λ��: �� com.bingbaihanji.classgraph.scan.ScanResult
[ERROR] /D:/bingbaihanji/fxdecomplie/fxdecomplie/src/main/java/com/bingbaihanji/classgraph/metadata/ModuleInfo.java:[50,23] �Ҳ�������
[ERROR]   ����:   �� Classpath
[ERROR]   λ��: �� com.bingbaihanji.classgraph.metadata.ModuleInfo
[ERROR] /D:/bingbaihanji/fxdecomplie/fxdecomplie/src/main/java/com/bingbaihanji/classgraph/metadata/ModuleInfo.java:[87,49] �Ҳ�������
[ERROR]   ����:   �� Classpath
[ERROR]   λ��: �� com.bingbaihanji.classgraph.metadata.ModuleInfo
[ERROR] /D:/bingbaihanji/fxdecomplie/fxdecomplie/src/main/java/com/bingbaihanji/classgraph/metadata/ModuleInfo.java:[219,30] �Ҳ�������
[ERROR]   ����:   �� ScanResult
[ERROR]   λ��: �� com.bingbaihanji.classgraph.metadata.ModuleInfo
[ERROR] /D:/bingbaihanji/fxdecomplie/fxdecomplie/src/main/java/com/bingbaihanji/classgraph/metadata/AnnotationInfo.java:[255,30] �Ҳ�������
[ERROR]   ����:   �� ScanResult
[ERROR]   λ��: �� com.bingbaihanji.classgraph.metadata.AnnotationInfo
[ERROR] /D:/bingbaihanji/fxdecomplie/fxdecomplie/src/main/java/com/bingbaihanji/classgraph/metadata/AnnotationParameterValue.java:[152,30] �Ҳ�������
[ERROR]   ����:   �� ScanResult
[ERROR]   λ��: �� com.bingbaihanji.classgraph.metadata.AnnotationParameterValue
[ERROR] /D:/bingbaihanji/fxdecomplie/fxdecomplie/src/main/java/com/bingbaihanji/classgraph/metadata/TypedValue.java:[545,30] �Ҳ�������
[ERROR]   ����:   �� ScanResult
[ERROR]   λ��: �� com.bingbaihanji.classgraph.metadata.TypedValue
[ERROR] /D:/bingbaihanji/fxdecomplie/fxdecomplie/src/main/java/com/bingbaihanji/classgraph/metadata/AnnotationClassRef.java:[44,23] �Ҳ�������
[ERROR]   ����:   �� TypeSignature
[ERROR]   λ��: �� com.bingbaihanji.classgraph.metadata.AnnotationClassRef
[ERROR] /D:/bingbaihanji/fxdecomplie/fxdecomplie/src/main/java/com/bingbaihanji/classgraph/metadata/AnnotationClassRef.java:[84,13] �Ҳ�������
[ERROR]   ����:   �� TypeSignature
[ERROR]   λ��: �� com.bingbaihanji.classgraph.metadata.AnnotationClassRef
[ERROR] /D:/bingbaihanji/fxdecomplie/fxdecomplie/src/main/java/com/bingbaihanji/classgraph/metadata/AnnotationClassRef.java:[174,30] �Ҳ�������
[ERROR]   ����:   �� ScanResult
[ERROR]   λ��: �� com.bingbaihanji.classgraph.metadata.AnnotationClassRef
[ERROR] /D:/bingbaihanji/fxdecomplie/fxdecomplie/src/main/java/com/bingbaihanji/classgraph/metadata/PackageInfo.java:[187,30] �Ҳ�������
[ERROR]   ����:   �� ScanResult
[ERROR]   λ��: �� com.bingbaihanji.classgraph.metadata.PackageInfo
[ERROR] /D:/bingbaihanji/fxdecomplie/fxdecomplie/src/main/java/com/bingbaihanji/classgraph/classpath/Classpath.java:[249,71] �Ҳ�������
[ERROR]   ����:   �� ScanSpecPathMatch
[ERROR]   λ��: �� com.bingbaihanji.classgraph.classpath.Classpath
[ERROR] /D:/bingbaihanji/fxdecomplie/fxdecomplie/src/main/java/com/bingbaihanji/classgraph/scan/Scanner.java:[1018,15] �Ҳ�������
[ERROR]   ����:   �� Classpath
[ERROR]   λ��: �� com.bingbaihanji.classgraph.scan.Scanner.ClasspathEntryWorkUnit
[ERROR] /D:/bingbaihanji/fxdecomplie/fxdecomplie/src/main/java/com/bingbaihanji/classgraph/scan/Scanner.java:[1041,45] �Ҳ�������
[ERROR]   ����:   �� Classpath
[ERROR]   λ��: �� com.bingbaihanji.classgraph.scan.Scanner.ClasspathEntryWorkUnit
[ERROR] /D:/bingbaihanji/fxdecomplie/fxdecomplie/src/main/java/com/bingbaihanji/classgraph/metadata/ClassInfo.java:[86,25] �Ҳ�������
[ERROR]   ����:   �� Resource
[ERROR]   λ��: �� com.bingbaihanji.classgraph.metadata.ClassInfo
[ERROR] /D:/bingbaihanji/fxdecomplie/fxdecomplie/src/main/java/com/bingbaihanji/classgraph/metadata/ClassInfo.java:[93,15] �Ҳ�������
[ERROR]   ����:   �� Classpath
[ERROR]   λ��: �� com.bingbaihanji.classgraph.metadata.ClassInfo
[ERROR] /D:/bingbaihanji/fxdecomplie/fxdecomplie/src/main/java/com/bingbaihanji/classgraph/metadata/ClassInfo.java:[196,76] �Ҳ�������
[ERROR]   ����:   �� Resource
[ERROR]   λ��: �� com.bingbaihanji.classgraph.metadata.ClassInfo
[ERROR] /D:/bingbaihanji/fxdecomplie/fxdecomplie/src/main/java/com/bingbaihanji/classgraph/metadata/ClassInfo.java:[320,44] �Ҳ�������
[ERROR]   ����:   �� Classpath
[ERROR]   λ��: �� com.bingbaihanji.classgraph.metadata.ClassInfo
[ERROR] /D:/bingbaihanji/fxdecomplie/fxdecomplie/src/main/java/com/bingbaihanji/classgraph/metadata/ClassInfo.java:[320,71] �Ҳ�������
[ERROR]   ����:   �� Resource
[ERROR]   λ��: �� com.bingbaihanji.classgraph.metadata.ClassInfo
[ERROR] /D:/bingbaihanji/fxdecomplie/fxdecomplie/src/main/java/com/bingbaihanji/classgraph/metadata/ClassInfo.java:[3011,12] �Ҳ�������
[ERROR]   ����:   �� Resource
[ERROR]   λ��: �� com.bingbaihanji.classgraph.metadata.ClassInfo
[ERROR] /D:/bingbaihanji/fxdecomplie/fxdecomplie/src/main/java/com/bingbaihanji/classgraph/metadata/ClassInfo.java:[3114,30] �Ҳ�������
[ERROR]   ����:   �� ScanResult
[ERROR]   λ��: �� com.bingbaihanji.classgraph.metadata.ClassInfo
[ERROR] /D:/bingbaihanji/fxdecomplie/fxdecomplie/src/main/java/com/bingbaihanji/classgraph/type/HierarchicalType.java:[38,48] �Ҳ�������
[ERROR]   ����: �� MetadataNode
[ERROR] /D:/bingbaihanji/fxdecomplie/fxdecomplie/src/main/java/com/bingbaihanji/classgraph/type/ClassType.java:[46,19] �Ҳ�������
[ERROR]   ����:   �� ClassInfo
[ERROR]   λ��: �� com.bingbaihanji.classgraph.type.ClassType
[ERROR] /D:/bingbaihanji/fxdecomplie/fxdecomplie/src/main/java/com/bingbaihanji/classgraph/type/ClassRef.java:[39,37] �Ҳ�������
[ERROR]   ����: �� ClassRefOrTypeVar
[ERROR] /D:/bingbaihanji/fxdecomplie/fxdecomplie/src/main/java/com/bingbaihanji/classgraph/type/ClassType.java:[57,24] �Ҳ�������
[ERROR]   ����:   �� ClassRefOrTypeVar
[ERROR]   λ��: �� com.bingbaihanji.classgraph.type.ClassType
[ERROR] /D:/bingbaihanji/fxdecomplie/fxdecomplie/src/main/java/com/bingbaihanji/classgraph/type/ClassType.java:[75,29] �Ҳ�������
[ERROR]   ����:   �� ClassInfo
[ERROR]   λ��: �� com.bingbaihanji.classgraph.type.ClassType
[ERROR] /D:/bingbaihanji/fxdecomplie/fxdecomplie/src/main/java/com/bingbaihanji/classgraph/type/ClassType.java:[78,43] �Ҳ�������
[ERROR]   ����:   �� ClassRefOrTypeVar
[ERROR]   λ��: �� com.bingbaihanji.classgraph.type.ClassType
[ERROR] /D:/bingbaihanji/fxdecomplie/fxdecomplie/src/main/java/com/bingbaihanji/classgraph/type/ClassType.java:[97,21] �Ҳ�������
[ERROR]   ����:   �� ClassInfo
[ERROR]   λ��: �� com.bingbaihanji.classgraph.type.ClassType
[ERROR] /D:/bingbaihanji/fxdecomplie/fxdecomplie/src/main/java/com/bingbaihanji/classgraph/type/ClassType.java:[97,48] �Ҳ�������
[ERROR]   ����:   �� ClassInfo
[ERROR]   λ��: �� com.bingbaihanji.classgraph.type.ClassType
[ERROR] /D:/bingbaihanji/fxdecomplie/fxdecomplie/src/main/java/com/bingbaihanji/classgraph/type/ClassType.java:[97,76] �Ҳ�������
[ERROR]   ����:   �� ClassInfoList
[ERROR]   λ��: �� com.bingbaihanji.classgraph.type.ClassType
[ERROR] /D:/bingbaihanji/fxdecomplie/fxdecomplie/src/main/java/com/bingbaihanji/classgraph/type/ClassType.java:[140,63] �Ҳ�������
[ERROR]   ����:   �� ClassInfo
[ERROR]   λ��: �� com.bingbaihanji.classgraph.type.ClassType
[ERROR] /D:/bingbaihanji/fxdecomplie/fxdecomplie/src/main/java/com/bingbaihanji/classgraph/type/ClassType.java:[236,10] �Ҳ�������
[ERROR]   ����:   �� ClassRefOrTypeVar
[ERROR]   λ��: �� com.bingbaihanji.classgraph.type.ClassType
[ERROR] /D:/bingbaihanji/fxdecomplie/fxdecomplie/src/main/java/com/bingbaihanji/classgraph/type/ClassType.java:[243,79] �Ҳ�������
[ERROR]   ����:   �� AnnotationInfo
[ERROR]   λ��: �� com.bingbaihanji.classgraph.type.ClassType
[ERROR] /D:/bingbaihanji/fxdecomplie/fxdecomplie/src/main/java/com/bingbaihanji/classgraph/type/ClassType.java:[261,15] �Ҳ�������
[ERROR]   ����:   �� ClassInfo
[ERROR]   λ��: �� com.bingbaihanji.classgraph.type.ClassType
[ERROR] /D:/bingbaihanji/fxdecomplie/fxdecomplie/src/main/java/com/bingbaihanji/classgraph/type/ClassType.java:[269,30] �Ҳ�������
[ERROR]   ����:   �� ScanResult
[ERROR]   λ��: �� com.bingbaihanji.classgraph.type.ClassType
[ERROR] /D:/bingbaihanji/fxdecomplie/fxdecomplie/src/main/java/com/bingbaihanji/classgraph/type/ClassType.java:[322,62] �Ҳ�������
[ERROR]   ����:   �� ClassInfo
[ERROR]   λ��: �� com.bingbaihanji.classgraph.type.ClassType
[ERROR] /D:/bingbaihanji/fxdecomplie/fxdecomplie/src/main/java/com/bingbaihanji/classgraph/type/ClassType.java:[323,54] �Ҳ�������
[ERROR]   ����:   �� ClassInfo
[ERROR]   λ��: �� com.bingbaihanji.classgraph.type.ClassType
[ERROR] /D:/bingbaihanji/fxdecomplie/fxdecomplie/src/main/java/com/bingbaihanji/classgraph/type/ClassType.java:[379,88] �Ҳ�������
[ERROR]   ����:   �� AnnotationInfoList
[ERROR]   λ��: �� com.bingbaihanji.classgraph.type.ClassType
[ERROR] /D:/bingbaihanji/fxdecomplie/fxdecomplie/src/main/java/com/bingbaihanji/classgraph/type/ClassType.java:[447,73] �Ҳ�������
[ERROR]   ����:   �� AnnotationInfoList
[ERROR]   λ��: �� com.bingbaihanji.classgraph.type.ClassType
[ERROR] /D:/bingbaihanji/fxdecomplie/fxdecomplie/src/main/java/com/bingbaihanji/classgraph/type/ClassRef.java:[53,18] �Ҳ�������
[ERROR]   ����:   �� AnnotationInfoList
[ERROR]   λ��: �� com.bingbaihanji.classgraph.type.ClassRef
[ERROR] /D:/bingbaihanji/fxdecomplie/fxdecomplie/src/main/java/com/bingbaihanji/classgraph/type/ClassRef.java:[209,17] �Ҳ�������
[ERROR]   ����:   �� AnnotationInfoList
[ERROR]   λ��: �� com.bingbaihanji.classgraph.type.ClassRef
[ERROR] /D:/bingbaihanji/fxdecomplie/fxdecomplie/src/main/java/com/bingbaihanji/classgraph/type/ClassRef.java:[215,69] �Ҳ�������
[ERROR]   ����:   �� AnnotationInfo
[ERROR]   λ��: �� com.bingbaihanji.classgraph.type.ClassRef
[ERROR] /D:/bingbaihanji/fxdecomplie/fxdecomplie/src/main/java/com/bingbaihanji/classgraph/type/ClassRef.java:[226,79] �Ҳ�������
[ERROR]   ����:   �� AnnotationInfo
[ERROR]   λ��: �� com.bingbaihanji.classgraph.type.ClassRef
[ERROR] /D:/bingbaihanji/fxdecomplie/fxdecomplie/src/main/java/com/bingbaihanji/classgraph/type/ClassRef.java:[347,12] �Ҳ�������
[ERROR]   ����:   �� ClassInfo
[ERROR]   λ��: �� com.bingbaihanji.classgraph.type.ClassRef
[ERROR] /D:/bingbaihanji/fxdecomplie/fxdecomplie/src/main/java/com/bingbaihanji/classgraph/type/ClassRef.java:[357,30] �Ҳ�������
[ERROR]   ����:   �� ScanResult
[ERROR]   λ��: �� com.bingbaihanji.classgraph.type.ClassRef
[ERROR] /D:/bingbaihanji/fxdecomplie/fxdecomplie/src/main/java/com/bingbaihanji/classgraph/type/ClassRef.java:[435,73] �Ҳ�������
[ERROR]   ����:   �� AnnotationInfoList
[ERROR]   λ��: �� com.bingbaihanji.classgraph.type.ClassRef
[ERROR] /D:/bingbaihanji/fxdecomplie/fxdecomplie/src/main/java/com/bingbaihanji/classgraph/type/TypeSignature.java:[122,68] �Ҳ�������
[ERROR]   ����:   �� ClassInfo
[ERROR]   λ��: �� com.bingbaihanji.classgraph.type.TypeSignature
[ERROR] /D:/bingbaihanji/fxdecomplie/fxdecomplie/src/main/java/com/bingbaihanji/classgraph/type/TypeSignature.java:[123,60] �Ҳ�������
[ERROR]   ����:   �� ClassInfo
[ERROR]   λ��: �� com.bingbaihanji.classgraph.type.TypeSignature
[ERROR] /D:/bingbaihanji/fxdecomplie/fxdecomplie/src/main/java/com/bingbaihanji/classgraph/type/TypeSignature.java:[139,12] �Ҳ�������
[ERROR]   ����:   �� AnnotationInfoList
[ERROR]   λ��: �� com.bingbaihanji.classgraph.type.TypeSignature
[ERROR] /D:/bingbaihanji/fxdecomplie/fxdecomplie/src/main/java/com/bingbaihanji/classgraph/type/TypeSignature.java:[161,76] �Ҳ�������
[ERROR]   ����:   �� AnnotationInfo
[ERROR]   λ��: �� com.bingbaihanji.classgraph.type.TypeSignature
[ERROR] /D:/bingbaihanji/fxdecomplie/fxdecomplie/src/main/java/com/bingbaihanji/classgraph/type/TypeArg.java:[153,79] �Ҳ�������
[ERROR]   ����:   �� AnnotationInfo
[ERROR]   λ��: �� com.bingbaihanji.classgraph.type.TypeArg
[ERROR] /D:/bingbaihanji/fxdecomplie/fxdecomplie/src/main/java/com/bingbaihanji/classgraph/type/TypeArg.java:[187,15] �Ҳ�������
[ERROR]   ����:   �� ClassInfo
[ERROR]   λ��: �� com.bingbaihanji.classgraph.type.TypeArg
[ERROR] /D:/bingbaihanji/fxdecomplie/fxdecomplie/src/main/java/com/bingbaihanji/classgraph/type/TypeArg.java:[195,30] �Ҳ�������
[ERROR]   ����:   �� ScanResult
[ERROR]   λ��: �� com.bingbaihanji.classgraph.type.TypeArg
[ERROR] /D:/bingbaihanji/fxdecomplie/fxdecomplie/src/main/java/com/bingbaihanji/classgraph/type/TypeArg.java:[241,73] �Ҳ�������
[ERROR]   ����:   �� AnnotationInfoList
[ERROR]   λ��: �� com.bingbaihanji.classgraph.type.TypeArg
[ERROR] /D:/bingbaihanji/fxdecomplie/fxdecomplie/src/main/java/com/bingbaihanji/classgraph/type/TypeParam.java:[150,79] �Ҳ�������
[ERROR]   ����:   �� AnnotationInfo
[ERROR]   λ��: �� com.bingbaihanji.classgraph.type.TypeParam
[ERROR] /D:/bingbaihanji/fxdecomplie/fxdecomplie/src/main/java/com/bingbaihanji/classgraph/type/TypeParam.java:[173,15] �Ҳ�������
[ERROR]   ����:   �� ClassInfo
[ERROR]   λ��: �� com.bingbaihanji.classgraph.type.TypeParam
[ERROR] /D:/bingbaihanji/fxdecomplie/fxdecomplie/src/main/java/com/bingbaihanji/classgraph/type/TypeParam.java:[181,30] �Ҳ�������
[ERROR]   ����:   �� ScanResult
[ERROR]   λ��: �� com.bingbaihanji.classgraph.type.TypeParam
[ERROR] /D:/bingbaihanji/fxdecomplie/fxdecomplie/src/main/java/com/bingbaihanji/classgraph/type/TypeParam.java:[239,73] �Ҳ�������
[ERROR]   ����:   �� AnnotationInfoList
[ERROR]   λ��: �� com.bingbaihanji.classgraph.type.TypeParam
[ERROR] /D:/bingbaihanji/fxdecomplie/fxdecomplie/src/main/java/com/bingbaihanji/classgraph/type/HierarchicalType.java:[39,15] �Ҳ�������
[ERROR]   ����:   �� AnnotationInfoList
[ERROR]   λ��: �� com.bingbaihanji.classgraph.type.HierarchicalType
[ERROR] /D:/bingbaihanji/fxdecomplie/fxdecomplie/src/main/java/com/bingbaihanji/classgraph/type/HierarchicalType.java:[52,44] �Ҳ�������
[ERROR]   ����:   �� AnnotationInfo
[ERROR]   λ��: �� com.bingbaihanji.classgraph.type.HierarchicalType
[ERROR] /D:/bingbaihanji/fxdecomplie/fxdecomplie/src/main/java/com/bingbaihanji/classgraph/type/HierarchicalType.java:[60,30] �Ҳ�������
[ERROR]   ����:   �� ScanResult
[ERROR]   λ��: �� com.bingbaihanji.classgraph.type.HierarchicalType
[ERROR] /D:/bingbaihanji/fxdecomplie/fxdecomplie/src/main/java/com/bingbaihanji/classgraph/type/HierarchicalType.java:[74,12] �Ҳ�������
[ERROR]   ����:   �� AnnotationInfoList
[ERROR]   λ��: �� com.bingbaihanji.classgraph.type.HierarchicalType
[ERROR] /D:/bingbaihanji/fxdecomplie/fxdecomplie/src/main/java/com/bingbaihanji/classgraph/type/HierarchicalType.java:[86,76] �Ҳ�������
[ERROR]   ����:   �� AnnotationInfo
[ERROR]   λ��: �� com.bingbaihanji.classgraph.type.HierarchicalType
[ERROR] /D:/bingbaihanji/fxdecomplie/fxdecomplie/src/main/java/com/bingbaihanji/classgraph/type/HierarchicalType.java:[98,76] �Ҳ�������
[ERROR]   ����:   �� AnnotationInfoList
[ERROR]   λ��: �� com.bingbaihanji.classgraph.type.HierarchicalType
[ERROR] /D:/bingbaihanji/fxdecomplie/fxdecomplie/src/main/java/com/bingbaihanji/classgraph/metadata/MethodInfo.java:[56,23] �Ҳ�������
[ERROR]   ����:   �� MethodType
[ERROR]   λ��: �� com.bingbaihanji.classgraph.metadata.MethodInfo
[ERROR] /D:/bingbaihanji/fxdecomplie/fxdecomplie/src/main/java/com/bingbaihanji/classgraph/metadata/MethodInfo.java:[58,23] �Ҳ�������
[ERROR]   ����:   �� MethodType
[ERROR]   λ��: �� com.bingbaihanji.classgraph.metadata.MethodInfo
[ERROR] /D:/bingbaihanji/fxdecomplie/fxdecomplie/src/main/java/com/bingbaihanji/classgraph/metadata/MethodInfo.java:[175,12] �Ҳ�������
[ERROR]   ����:   �� MethodType
[ERROR]   λ��: �� com.bingbaihanji.classgraph.metadata.MethodInfo
[ERROR] /D:/bingbaihanji/fxdecomplie/fxdecomplie/src/main/java/com/bingbaihanji/classgraph/metadata/MethodInfo.java:[254,43] �Ҳ�������
[ERROR]   ����:   �� MethodType
[ERROR]   λ��: �� com.bingbaihanji.classgraph.metadata.MethodInfo
[ERROR] /D:/bingbaihanji/fxdecomplie/fxdecomplie/src/main/java/com/bingbaihanji/classgraph/metadata/MethodInfo.java:[287,12] �Ҳ�������
[ERROR]   ����:   �� MethodType
[ERROR]   λ��: �� com.bingbaihanji.classgraph.metadata.MethodInfo
[ERROR] /D:/bingbaihanji/fxdecomplie/fxdecomplie/src/main/java/com/bingbaihanji/classgraph/metadata/MethodInfo.java:[319,12] �Ҳ�������
[ERROR]   ����:   �� MethodType
[ERROR]   λ��: �� com.bingbaihanji.classgraph.metadata.MethodInfo
[ERROR] /D:/bingbaihanji/fxdecomplie/fxdecomplie/src/main/java/com/bingbaihanji/classgraph/metadata/MethodInfo.java:[796,30] �Ҳ�������
[ERROR]   ����:   �� ScanResult
[ERROR]   λ��: �� com.bingbaihanji.classgraph.metadata.MethodInfo
[ERROR] /D:/bingbaihanji/fxdecomplie/fxdecomplie/src/main/java/com/bingbaihanji/classgraph/type/MethodType.java:[50,24] �Ҳ�������
[ERROR]   ����:   �� ClassRefOrTypeVar
[ERROR]   λ��: �� com.bingbaihanji.classgraph.type.MethodType
[ERROR] /D:/bingbaihanji/fxdecomplie/fxdecomplie/src/main/java/com/bingbaihanji/classgraph/type/MethodType.java:[53,13] �Ҳ�������
[ERROR]   ����:   �� AnnotationInfoList
[ERROR]   λ��: �� com.bingbaihanji.classgraph.type.MethodType
[ERROR] /D:/bingbaihanji/fxdecomplie/fxdecomplie/src/main/java/com/bingbaihanji/classgraph/type/MethodType.java:[70,76] �Ҳ�������
[ERROR]   ����:   �� ClassRefOrTypeVar
[ERROR]   λ��: �� com.bingbaihanji.classgraph.type.MethodType
[ERROR] /D:/bingbaihanji/fxdecomplie/fxdecomplie/src/main/java/com/bingbaihanji/classgraph/type/MethodType.java:[190,17] �Ҳ�������
[ERROR]   ����:   �� ClassRefOrTypeVar
[ERROR]   λ��: �� com.bingbaihanji.classgraph.type.MethodType
[ERROR] /D:/bingbaihanji/fxdecomplie/fxdecomplie/src/main/java/com/bingbaihanji/classgraph/type/MethodType.java:[195,79] �Ҳ�������
[ERROR]   ����:   �� AnnotationInfo
[ERROR]   λ��: �� com.bingbaihanji.classgraph.type.MethodType
[ERROR] /D:/bingbaihanji/fxdecomplie/fxdecomplie/src/main/java/com/bingbaihanji/classgraph/type/MethodType.java:[207,42] �Ҳ�������
[ERROR]   ����:   �� AnnotationInfo
[ERROR]   λ��: �� com.bingbaihanji.classgraph.type.MethodType
[ERROR] /D:/bingbaihanji/fxdecomplie/fxdecomplie/src/main/java/com/bingbaihanji/classgraph/type/MethodType.java:[221,12] �Ҳ�������
[ERROR]   ����:   �� AnnotationInfoList
[ERROR]   λ��: �� com.bingbaihanji.classgraph.type.MethodType
[ERROR] /D:/bingbaihanji/fxdecomplie/fxdecomplie/src/main/java/com/bingbaihanji/classgraph/type/MethodType.java:[238,15] �Ҳ�������
[ERROR]   ����:   �� ClassInfo
[ERROR]   λ��: �� com.bingbaihanji.classgraph.type.MethodType
[ERROR] /D:/bingbaihanji/fxdecomplie/fxdecomplie/src/main/java/com/bingbaihanji/classgraph/type/MethodType.java:[246,30] �Ҳ�������
[ERROR]   ����:   �� ScanResult
[ERROR]   λ��: �� com.bingbaihanji.classgraph.type.MethodType
[ERROR] /D:/bingbaihanji/fxdecomplie/fxdecomplie/src/main/java/com/bingbaihanji/classgraph/type/MethodType.java:[304,62] �Ҳ�������
[ERROR]   ����:   �� ClassInfo
[ERROR]   λ��: �� com.bingbaihanji.classgraph.type.MethodType
[ERROR] /D:/bingbaihanji/fxdecomplie/fxdecomplie/src/main/java/com/bingbaihanji/classgraph/type/MethodType.java:[305,54] �Ҳ�������
[ERROR]   ����:   �� ClassInfo
[ERROR]   λ��: �� com.bingbaihanji.classgraph.type.MethodType
[ERROR] /D:/bingbaihanji/fxdecomplie/fxdecomplie/src/main/java/com/bingbaihanji/classgraph/type/MethodType.java:[345,73] �Ҳ�������
[ERROR]   ����:   �� AnnotationInfoList
[ERROR]   λ��: �� com.bingbaihanji.classgraph.type.MethodType
[ERROR] /D:/bingbaihanji/fxdecomplie/fxdecomplie/src/main/java/com/bingbaihanji/classgraph/metadata/MethodParam.java:[57,19] �Ҳ�������
[ERROR]   ����:   �� TypeSignature
[ERROR]   λ��: �� com.bingbaihanji.classgraph.metadata.MethodParam
[ERROR] /D:/bingbaihanji/fxdecomplie/fxdecomplie/src/main/java/com/bingbaihanji/classgraph/metadata/MethodParam.java:[60,19] �Ҳ�������
[ERROR]   ����:   �� TypeSignature
[ERROR]   λ��: �� com.bingbaihanji.classgraph.metadata.MethodParam
[ERROR] /D:/bingbaihanji/fxdecomplie/fxdecomplie/src/main/java/com/bingbaihanji/classgraph/metadata/MethodParam.java:[66,13] �Ҳ�������
[ERROR]   ����:   �� ScanResult
[ERROR]   λ��: �� com.bingbaihanji.classgraph.metadata.MethodParam
[ERROR] /D:/bingbaihanji/fxdecomplie/fxdecomplie/src/main/java/com/bingbaihanji/classgraph/metadata/MethodParam.java:[87,31] �Ҳ�������
[ERROR]   ����:   �� TypeSignature
[ERROR]   λ��: �� com.bingbaihanji.classgraph.metadata.MethodParam
[ERROR] /D:/bingbaihanji/fxdecomplie/fxdecomplie/src/main/java/com/bingbaihanji/classgraph/metadata/MethodParam.java:[87,67] �Ҳ�������
[ERROR]   ����:   �� TypeSignature
[ERROR]   λ��: �� com.bingbaihanji.classgraph.metadata.MethodParam
[ERROR] /D:/bingbaihanji/fxdecomplie/fxdecomplie/src/main/java/com/bingbaihanji/classgraph/metadata/MethodParam.java:[163,12] �Ҳ�������
[ERROR]   ����:   �� TypeSignature
[ERROR]   λ��: �� com.bingbaihanji.classgraph.metadata.MethodParam
[ERROR] /D:/bingbaihanji/fxdecomplie/fxdecomplie/src/main/java/com/bingbaihanji/classgraph/metadata/MethodParam.java:[172,12] �Ҳ�������
[ERROR]   ����:   �� TypeSignature
[ERROR]   λ��: �� com.bingbaihanji.classgraph.metadata.MethodParam
[ERROR] /D:/bingbaihanji/fxdecomplie/fxdecomplie/src/main/java/com/bingbaihanji/classgraph/metadata/MethodParam.java:[181,12] �Ҳ�������
[ERROR]   ����:   �� TypeSignature
[ERROR]   λ��: �� com.bingbaihanji.classgraph.metadata.MethodParam
[ERROR] /D:/bingbaihanji/fxdecomplie/fxdecomplie/src/main/java/com/bingbaihanji/classgraph/metadata/MethodParam.java:[282,40] �Ҳ�������
[ERROR]   ����:   �� ScanResult
[ERROR]   λ��: �� com.bingbaihanji.classgraph.metadata.MethodParam
[ERROR] /D:/bingbaihanji/fxdecomplie/fxdecomplie/src/main/java/com/bingbaihanji/classgraph/metadata/MetadataNode.java:[45,25] �Ҳ�������
[ERROR]   ����:   �� ScanResult
[ERROR]   λ��: �� com.bingbaihanji.classgraph.metadata.MetadataNode
[ERROR] -> [Help 1]
[ERROR] 
[ERROR] To see the full stack trace of the errors, re-run Maven with the -e switch.
[ERROR] Re-run Maven using the -X switch to enable full debug logging.
[ERROR] 
[ERROR] For more information about the errors and possible solutions, please read the following articles:
[ERROR] [Help 1] http://cwiki.apache.org/confluence/display/MAVEN/MojoFailureException
